// Vitest Snapshot v1, https://vitest.dev/guide/snapshot.html

exports[`Components/Checkbox > should render the Checkbox component correctly 1`] = `
<DocumentFragment>
  <button
    class="_container_9097fe"
  >
    <div
      data-checked="true"
    >
      <svg
        fill="currentColor"
        height="10"
        viewBox="0 0 256 256"
        width="10"
        xmlns="http://www.w3.org/2000/svg"
      >
        <path
          d="M229.66,77.66l-128,128a8,8,0,0,1-11.32,0l-56-56a8,8,0,0,1,11.32-11.32L96,188.69,218.34,66.34a8,8,0,0,1,11.32,11.32Z"
        />
      </svg>
    </div>
  </button>
</DocumentFragment>
`;
